SELECT cdb_extension_fw.bar();
NOTICE:  bar
 bar 
-----
 
(1 row)

